I'm sorry, but errors were detected in your script. Please correct the
errors listed below, and try again.


File "game/screens.rpy", line 231: expected 'simple_expression' not found.
    slow_cps = True
             ^

Ren'Py Version: Ren'Py 8.4.1.25072401
Sun Aug 31 19:16:11 2025
